// Jest Snapshot v1, https://goo.gl/fbAQLP

exports[`CurrencyCard component Test CurrencyCard button render correctly 1`] = `
Object {
  "asFragment": [Function],
  "baseElement": <body>
    <div>
      <article
        class="currencyCard flex bgOne"
        id="id"
        role="presentation"
      >
        <div
          class="top flex"
        >
          <h2
            class="rank"
          >
            Rank 
            rank
          </h2>
          <img
            alt="flecha"
            src="https://cdn-icons-png.flaticon.com/512/1549/1549454.png"
          />
        </div>
        <div
          class="bt flex"
        >
          <h2>
            name
          </h2>
          <h3>
            USD NaN
          </h3>
        </div>
      </article>
    </div>
  </body>,
  "container": <div>
    <article
      class="currencyCard flex bgOne"
      id="id"
      role="presentation"
    >
      <div
        class="top flex"
      >
        <h2
          class="rank"
        >
          Rank 
          rank
        </h2>
        <img
          alt="flecha"
          src="https://cdn-icons-png.flaticon.com/512/1549/1549454.png"
        />
      </div>
      <div
        class="bt flex"
      >
        <h2>
          name
        </h2>
        <h3>
          USD NaN
        </h3>
      </div>
    </article>
  </div>,
  "debug": [Function],
  "findAllByAltText": [Function],
  "findAllByDisplayValue": [Function],
  "findAllByLabelText": [Function],
  "findAllByPlaceholderText": [Function],
  "findAllByRole": [Function],
  "findAllByTestId": [Function],
  "findAllByText": [Function],
  "findAllByTitle": [Function],
  "findByAltText": [Function],
  "findByDisplayValue": [Function],
  "findByLabelText": [Function],
  "findByPlaceholderText": [Function],
  "findByRole": [Function],
  "findByTestId": [Function],
  "findByText": [Function],
  "findByTitle": [Function],
  "getAllByAltText": [Function],
  "getAllByDisplayValue": [Function],
  "getAllByLabelText": [Function],
  "getAllByPlaceholderText": [Function],
  "getAllByRole": [Function],
  "getAllByTestId": [Function],
  "getAllByText": [Function],
  "getAllByTitle": [Function],
  "getByAltText": [Function],
  "getByDisplayValue": [Function],
  "getByLabelText": [Function],
  "getByPlaceholderText": [Function],
  "getByRole": [Function],
  "getByTestId": [Function],
  "getByText": [Function],
  "getByTitle": [Function],
  "queryAllByAltText": [Function],
  "queryAllByDisplayValue": [Function],
  "queryAllByLabelText": [Function],
  "queryAllByPlaceholderText": [Function],
  "queryAllByRole": [Function],
  "queryAllByTestId": [Function],
  "queryAllByText": [Function],
  "queryAllByTitle": [Function],
  "queryByAltText": [Function],
  "queryByDisplayValue": [Function],
  "queryByLabelText": [Function],
  "queryByPlaceholderText": [Function],
  "queryByRole": [Function],
  "queryByTestId": [Function],
  "queryByText": [Function],
  "queryByTitle": [Function],
  "rerender": [Function],
  "unmount": [Function],
}
`;
